=== AMBIENTE ===
Data UTC: Wed Oct  7 14:51:13 UTC 2026
RUN_MODE: check
Event:    schedule
Force in: 
SHA:      df56badaef3e90a526765e9f2aa3953f2ab34842
=== EXECUÇÃO ===
⏰ Janela aberta (atual: 14:00 UTC ≥ pico: 01:00 UTC) e ainda não enviou hoje. Rodando.
🔍 Resolvendo @CoinBureau...
   ✓ Coin Bureau: 3 vídeo(s) (últimas 24h)
🔍 Resolvendo @AltcoinDaily...
   ✓ Altcoin Daily: 1 vídeo(s) (últimas 24h)
🔍 Resolvendo @IntoTheCryptoverse...
   ⚠️  Canal @IntoTheCryptoverse não encontrado.
🔍 Resolvendo @cryptobantergroup...
   ✓ Crypto Banter: 2 vídeo(s) (últimas 24h)
🔍 Resolvendo @DataDash...
   ✓ DataDash: 5 vídeo(s) (vídeos mais recentes)
📤 Enviando email...
   from: onboarding@resend.dev
   to:   marcusvmoraes86@gmail.com, paulabscrok@gmail.com, gfvsoares@gmail.com
   HTTP 403
   Body: {"message":"You can only send testing emails to your own email address (marcusvmoraes86@gmail.com). To send emails to other recipients, please verify a domain at resend.com/domains, and change the `from` address to an email using this domain.","name":"validation_error","statusCode":403}
Traceback (most recent call last):
  File "/home/runner/work/auto86/auto86/crypto_daily_report.py", line 450, in <module>
    main()
  File "/home/runner/work/auto86/auto86/crypto_daily_report.py", line 442, in main
    send_email(html_content)
  File "/home/runner/work/auto86/auto86/crypto_daily_report.py", line 320, in send_email
    raise RuntimeError(f"Resend falhou ({r.status_code}): {r.text[:300]}")
RuntimeError: Resend falhou (403): {"message":"You can only send testing emails to your own email address (marcusvmoraes86@gmail.com). To send emails to other recipients, please verify a domain at resend.com/domains, and change the `from` address to an email using this domain.","name":"validation_error","statusCode":403}
